2026-09-29T12:08:58.698  ====================================================================
2026-09-29T12:08:58.699  DOWNLOAD-BENCHMARK  Label=ALT  Server=141.45.165.133  Router=141.45.1.1
2026-09-29T12:08:58.701  Load=60s  Idle=60s  Streams=8  Iter=10  ~30min
2026-09-29T12:08:58.702  ====================================================================
2026-09-29T12:08:58.723  TREIBER  Intel(R) Ethernet Connection (14) I219-LM | Version: 12.19.1.32 | Datum: 2015-08-03
2026-09-29T12:08:58.729  
2026-09-29T12:08:58.730  >>> ITERATION 1 / 10
2026-09-29T12:08:58.732  IDLE_PRE  START  2026-09-29T12:08:58.732
2026-09-29T12:10:02.063  IDLE_PRE  END    2026-09-29T12:10:02.062  ist=60s abw=0.2ms  Ping: Avg=-1ms Max=-1ms Loss=100%
2026-09-29T12:10:02.067  DOWNLOAD  START  2026-09-29T12:10:02.066
2026-09-29T12:11:07.350  DOWNLOAD  END    2026-09-29T12:11:07.350  ist=60.537s abw=3877.6ms  Mbps=n/a  Retrans=n/a  Ping: Avg=-1ms Max=-1ms Loss=100%  CPU: Avg=4.1% Max=12.9%
2026-09-29T12:11:07.355  IDLE_POST START  2026-09-29T12:11:07.355
2026-09-29T12:12:11.421  IDLE_POST END    2026-09-29T12:12:11.421  ist=51.371s abw=0.2ms  Ping: Avg=-1ms Max=-1ms Loss=100%
2026-09-29T12:12:11.423  ITERATION 1  DRIFT: 0.2 ms
2026-09-29T12:12:14.889  EREIGNISANZEIGE  0 Fehler.
2026-09-29T12:12:14.895  
2026-09-29T12:12:14.897  >>> ITERATION 2 / 10
2026-09-29T12:12:14.899  IDLE_PRE  START  2026-09-29T12:12:14.899
2026-09-29T12:13:19.005  IDLE_PRE  END    2026-09-29T12:13:19.005  ist=60s abw=0.4ms  Ping: Avg=-1ms Max=-1ms Loss=100%
2026-09-29T12:13:19.009  DOWNLOAD  START  2026-09-29T12:13:19.008
2026-09-29T12:14:24.288  DOWNLOAD  END    2026-09-29T12:14:24.288  ist=60.528s abw=4644.6ms  Mbps=n/a  Retrans=n/a  Ping: Avg=-1ms Max=-1ms Loss=100%  CPU: Avg=6.3% Max=21.8%
2026-09-29T12:14:24.303  IDLE_POST START  2026-09-29T12:14:24.303
2026-09-29T12:15:28.353  IDLE_POST END    2026-09-29T12:15:28.352  ist=50.588s abw=0.5ms  Ping: Avg=-1ms Max=-1ms Loss=100%
2026-09-29T12:15:28.355  ITERATION 2  DRIFT: 0.5 ms
2026-09-29T12:15:31.820  EREIGNISANZEIGE  0 Fehler.
2026-09-29T12:15:31.826  
2026-09-29T12:15:31.828  >>> ITERATION 3 / 10
2026-09-29T12:15:31.830  IDLE_PRE  START  2026-09-29T12:15:31.830
2026-09-29T12:16:35.568  IDLE_PRE  END    2026-09-29T12:16:35.567  ist=60s abw=0.4ms  Ping: Avg=-1ms Max=-1ms Loss=100%
2026-09-29T12:16:35.572  DOWNLOAD  START  2026-09-29T12:16:35.572
2026-09-29T12:17:40.854  DOWNLOAD  END    2026-09-29T12:17:40.853  ist=60.58s abw=4330.2ms  Mbps=n/a  Retrans=n/a  Ping: Avg=-1ms Max=-1ms Loss=100%  CPU: Avg=5.8% Max=18.7%
2026-09-29T12:17:40.858  IDLE_POST START  2026-09-29T12:17:40.857
2026-09-29T12:18:44.158  IDLE_POST END    2026-09-29T12:18:44.158  ist=50.966s abw=0.5ms  Ping: Avg=-1ms Max=-1ms Loss=100%
2026-09-29T12:18:44.160  ITERATION 3  DRIFT: 0.5 ms
2026-09-29T12:18:47.537  EREIGNISANZEIGE  0 Fehler.
2026-09-29T12:18:47.543  
2026-09-29T12:18:47.544  >>> ITERATION 4 / 10
2026-09-29T12:18:47.547  IDLE_PRE  START  2026-09-29T12:18:47.547
2026-09-29T12:19:51.249  IDLE_PRE  END    2026-09-29T12:19:51.249  ist=60.001s abw=0.9ms  Ping: Avg=-1ms Max=-1ms Loss=100%
2026-09-29T12:19:51.253  DOWNLOAD  START  2026-09-29T12:19:51.252
2026-09-29T12:20:56.506  DOWNLOAD  END    2026-09-29T12:20:56.506  ist=60.552s abw=4265.9ms  Mbps=n/a  Retrans=n/a  Ping: Avg=-1ms Max=-1ms Loss=100%  CPU: Avg=2.7% Max=11%
2026-09-29T12:20:56.510  IDLE_POST START  2026-09-29T12:20:56.510
2026-09-29T12:22:00.735  IDLE_POST END    2026-09-29T12:22:00.735  ist=51.014s abw=0ms  Ping: Avg=-1ms Max=-1ms Loss=100%
2026-09-29T12:22:00.745  ITERATION 4  DRIFT: 0 ms
2026-09-29T12:22:04.162  EREIGNISANZEIGE  0 Fehler.
2026-09-29T12:22:04.168  
2026-09-29T12:22:04.169  >>> ITERATION 5 / 10
2026-09-29T12:22:04.171  IDLE_PRE  START  2026-09-29T12:22:04.171
2026-09-29T12:23:07.942  IDLE_PRE  END    2026-09-29T12:23:07.942  ist=60s abw=0.2ms  Ping: Avg=-1ms Max=-1ms Loss=100%
2026-09-29T12:23:07.946  DOWNLOAD  START  2026-09-29T12:23:07.945
2026-09-29T12:24:13.205  DOWNLOAD  END    2026-09-29T12:24:13.204  ist=60.536s abw=4316.2ms  Mbps=n/a  Retrans=n/a  Ping: Avg=-1ms Max=-1ms Loss=100%  CPU: Avg=4.8% Max=15.3%
2026-09-29T12:24:13.208  IDLE_POST START  2026-09-29T12:24:13.208
2026-09-29T12:25:16.693  IDLE_POST END    2026-09-29T12:25:16.693  ist=50.957s abw=0.4ms  Ping: Avg=-1ms Max=-1ms Loss=100%
2026-09-29T12:25:16.695  ITERATION 5  DRIFT: 0.4 ms
2026-09-29T12:25:20.069  EREIGNISANZEIGE  0 Fehler.
2026-09-29T12:25:20.075  
2026-09-29T12:25:20.076  >>> ITERATION 6 / 10
2026-09-29T12:25:20.081  IDLE_PRE  START  2026-09-29T12:25:20.078
2026-09-29T12:26:24.201  IDLE_PRE  END    2026-09-29T12:26:24.201  ist=60.001s abw=0.6ms  Ping: Avg=-1ms Max=-1ms Loss=100%
2026-09-29T12:26:24.205  DOWNLOAD  START  2026-09-29T12:26:24.205
2026-09-29T12:27:29.507  DOWNLOAD  END    2026-09-29T12:27:29.506  ist=60.592s abw=4725ms  Mbps=n/a  Retrans=n/a  Ping: Avg=-1ms Max=-1ms Loss=100%  CPU: Avg=4.8% Max=26.2%
2026-09-29T12:27:29.510  IDLE_POST START  2026-09-29T12:27:29.510
2026-09-29T12:28:33.539  IDLE_POST END    2026-09-29T12:28:33.539  ist=50.562s abw=0.9ms  Ping: Avg=-1ms Max=-1ms Loss=100%
2026-09-29T12:28:33.542  ITERATION 6  DRIFT: 0.9 ms
2026-09-29T12:28:37.010  EREIGNISANZEIGE  0 Fehler.
2026-09-29T12:28:37.016  
2026-09-29T12:28:37.017  >>> ITERATION 7 / 10
2026-09-29T12:28:37.020  IDLE_PRE  START  2026-09-29T12:28:37.020
2026-09-29T12:29:40.995  IDLE_PRE  END    2026-09-29T12:29:40.995  ist=60.001s abw=1ms  Ping: Avg=-1ms Max=-1ms Loss=100%
2026-09-29T12:29:40.999  DOWNLOAD  START  2026-09-29T12:29:40.999
2026-09-29T12:30:46.231  DOWNLOAD  END    2026-09-29T12:30:46.231  ist=60.548s abw=4534.5ms  Mbps=n/a  Retrans=n/a  Ping: Avg=-1ms Max=-1ms Loss=100%  CPU: Avg=4.8% Max=13.1%
2026-09-29T12:30:46.235  IDLE_POST START  2026-09-29T12:30:46.235
2026-09-29T12:31:50.333  IDLE_POST END    2026-09-29T12:31:50.333  ist=50.778s abw=0.5ms  Ping: Avg=-1ms Max=-1ms Loss=100%
2026-09-29T12:31:50.335  ITERATION 7  DRIFT: 0.5 ms
2026-09-29T12:31:53.808  EREIGNISANZEIGE  0 Fehler.
2026-09-29T12:31:53.815  
2026-09-29T12:31:53.817  >>> ITERATION 8 / 10
2026-09-29T12:31:53.819  IDLE_PRE  START  2026-09-29T12:31:53.819
2026-09-29T12:32:57.994  IDLE_PRE  END    2026-09-29T12:32:57.994  ist=60.001s abw=0.5ms  Ping: Avg=-1ms Max=-1ms Loss=100%
2026-09-29T12:32:57.998  DOWNLOAD  START  2026-09-29T12:32:57.997
2026-09-29T12:34:03.246  DOWNLOAD  END    2026-09-29T12:34:03.246  ist=60.565s abw=4751.2ms  Mbps=n/a  Retrans=n/a  Ping: Avg=-1ms Max=-1ms Loss=100%  CPU: Avg=7.7% Max=45.3%
2026-09-29T12:34:03.250  IDLE_POST START  2026-09-29T12:34:03.250
2026-09-29T12:35:07.141  IDLE_POST END    2026-09-29T12:35:07.141  ist=50.562s abw=0.1ms  Ping: Avg=-1ms Max=-1ms Loss=100%
2026-09-29T12:35:07.143  ITERATION 8  DRIFT: 0.1 ms
2026-09-29T12:35:10.526  EREIGNISANZEIGE  0 Fehler.
2026-09-29T12:35:10.532  
2026-09-29T12:35:10.533  >>> ITERATION 9 / 10
2026-09-29T12:35:10.535  IDLE_PRE  START  2026-09-29T12:35:10.535
2026-09-29T12:36:14.427  IDLE_PRE  END    2026-09-29T12:36:14.427  ist=60s abw=0.1ms  Ping: Avg=-1ms Max=-1ms Loss=100%
2026-09-29T12:36:14.431  DOWNLOAD  START  2026-09-29T12:36:14.430
2026-09-29T12:37:19.697  DOWNLOAD  END    2026-09-29T12:37:19.696  ist=60.569s abw=4471.6ms  Mbps=n/a  Retrans=n/a  Ping: Avg=-1ms Max=-1ms Loss=100%  CPU: Avg=8.3% Max=24.2%
2026-09-29T12:37:19.701  IDLE_POST START  2026-09-29T12:37:19.700
2026-09-29T12:38:23.431  IDLE_POST END    2026-09-29T12:38:23.431  ist=50.829s abw=0.6ms  Ping: Avg=-1ms Max=-1ms Loss=100%
2026-09-29T12:38:23.433  ITERATION 9  DRIFT: 0.6 ms
2026-09-29T12:38:26.796  EREIGNISANZEIGE  0 Fehler.
2026-09-29T12:38:26.802  
2026-09-29T12:38:26.803  >>> ITERATION 10 / 10
2026-09-29T12:38:26.806  IDLE_PRE  START  2026-09-29T12:38:26.805
2026-09-29T12:39:30.528  IDLE_PRE  END    2026-09-29T12:39:30.528  ist=60.001s abw=0.6ms  Ping: Avg=-1ms Max=-1ms Loss=100%
2026-09-29T12:39:30.532  DOWNLOAD  START  2026-09-29T12:39:30.531
2026-09-29T12:40:34.102  DOWNLOAD  END    2026-09-29T12:40:34.102  ist=60.579s abw=4312.6ms  Mbps=n/a  Retrans=n/a  Ping: Avg=-1ms Max=-1ms Loss=100%  CPU: Avg=6.3% Max=15.3%
2026-09-29T12:40:34.113  IDLE_POST START  2026-09-29T12:40:34.113
2026-09-29T12:41:38.191  IDLE_POST END    2026-09-29T12:41:38.191  ist=52.685s abw=0ms  Ping: Avg=-1ms Max=-1ms Loss=100%
2026-09-29T12:41:38.193  ITERATION 10  DRIFT: 0 ms
2026-09-29T12:41:41.573  EREIGNISANZEIGE  0 Fehler.
2026-09-29T12:41:41.577  ====================================================================
2026-09-29T12:41:41.577  ZUSAMMENFASSUNG DOWNLOAD
2026-09-29T12:41:41.579  ====================================================================
2026-09-29T12:41:41.579    Iter 1  Mbps=n/a  Retrans=n/a  Ping=-1(max -1)ms  Loss=100%  CPU=4.1%  Drift=0.2ms
2026-09-29T12:41:41.579    Iter 2  Mbps=n/a  Retrans=n/a  Ping=-1(max -1)ms  Loss=100%  CPU=6.3%  Drift=0.5ms
2026-09-29T12:41:41.579    Iter 3  Mbps=n/a  Retrans=n/a  Ping=-1(max -1)ms  Loss=100%  CPU=5.8%  Drift=0.5ms
2026-09-29T12:41:41.579    Iter 4  Mbps=n/a  Retrans=n/a  Ping=-1(max -1)ms  Loss=100%  CPU=2.7%  Drift=0ms
2026-09-29T12:41:41.579    Iter 5  Mbps=n/a  Retrans=n/a  Ping=-1(max -1)ms  Loss=100%  CPU=4.8%  Drift=0.4ms
2026-09-29T12:41:41.592    Iter 6  Mbps=n/a  Retrans=n/a  Ping=-1(max -1)ms  Loss=100%  CPU=4.8%  Drift=0.9ms
2026-09-29T12:41:41.592    Iter 7  Mbps=n/a  Retrans=n/a  Ping=-1(max -1)ms  Loss=100%  CPU=4.8%  Drift=0.5ms
2026-09-29T12:41:41.592    Iter 8  Mbps=n/a  Retrans=n/a  Ping=-1(max -1)ms  Loss=100%  CPU=7.7%  Drift=0.1ms
2026-09-29T12:41:41.592    Iter 9  Mbps=n/a  Retrans=n/a  Ping=-1(max -1)ms  Loss=100%  CPU=8.3%  Drift=0.6ms
2026-09-29T12:41:41.592    Iter 10  Mbps=n/a  Retrans=n/a  Ping=-1(max -1)ms  Loss=100%  CPU=6.3%  Drift=0ms
