2026-09-29T10:56:30.798  ====================================================================
2026-09-29T10:56:30.802  DOWNLOAD-BENCHMARK  Label=MITTEL  Server=141.45.165.133  Router=141.45.1.1
2026-09-29T10:56:30.803  Load=60s  Idle=60s  Streams=8  Iter=10  ~30min
2026-09-29T10:56:30.804  ====================================================================
2026-09-29T10:56:31.513  TREIBER  Intel(R) Ethernet Connection (14) I219-LM | Version: 12.19.2.45 | Datum: 2022-01-30
2026-09-29T10:56:31.522  
2026-09-29T10:56:31.524  >>> ITERATION 1 / 10
2026-09-29T10:56:31.531  IDLE_PRE  START  2026-09-29T10:56:31.530
2026-09-29T10:57:35.427  IDLE_PRE  END    2026-09-29T10:57:35.422  ist=60.018s abw=17.8ms  Ping: Avg=-1ms Max=-1ms Loss=100%
2026-09-29T10:57:35.433  DOWNLOAD  START  2026-09-29T10:57:35.433
2026-09-29T10:58:39.116  DOWNLOAD  END    2026-09-29T10:58:39.115  ist=60.702s abw=4617.5ms  Mbps=n/a  Retrans=n/a  Ping: Avg=-1ms Max=-1ms Loss=100%  CPU: Avg=4.2% Max=17.9%
2026-09-29T10:58:39.120  IDLE_POST START  2026-09-29T10:58:39.120
2026-09-29T10:59:43.153  IDLE_POST END    2026-09-29T10:59:43.153  ist=52.397s abw=0ms  Ping: Avg=-1ms Max=-1ms Loss=100%
2026-09-29T10:59:43.156  ITERATION 1  DRIFT: 0 ms
2026-09-29T10:59:46.986  EREIGNISANZEIGE  0 Fehler.
2026-09-29T10:59:46.996  
2026-09-29T10:59:46.997  >>> ITERATION 2 / 10
2026-09-29T10:59:47.000  IDLE_PRE  START  2026-09-29T10:59:47.000
2026-09-29T11:00:50.994  IDLE_PRE  END    2026-09-29T11:00:50.994  ist=60s abw=0.1ms  Ping: Avg=-1ms Max=-1ms Loss=100%
2026-09-29T11:00:50.998  DOWNLOAD  START  2026-09-29T11:00:50.998
2026-09-29T11:01:56.059  DOWNLOAD  END    2026-09-29T11:01:56.059  ist=60.539s abw=4545.5ms  Mbps=n/a  Retrans=n/a  Ping: Avg=-1ms Max=-1ms Loss=100%  CPU: Avg=4.9% Max=15.2%
2026-09-29T11:01:56.074  IDLE_POST START  2026-09-29T11:01:56.073
2026-09-29T11:02:59.963  IDLE_POST END    2026-09-29T11:02:59.963  ist=50.919s abw=0.6ms  Ping: Avg=-1ms Max=-1ms Loss=100%
2026-09-29T11:02:59.966  ITERATION 2  DRIFT: 0.6 ms
2026-09-29T11:03:03.409  EREIGNISANZEIGE  0 Fehler.
2026-09-29T11:03:03.414  
2026-09-29T11:03:03.416  >>> ITERATION 3 / 10
2026-09-29T11:03:03.418  IDLE_PRE  START  2026-09-29T11:03:03.418
2026-09-29T11:04:06.646  IDLE_PRE  END    2026-09-29T11:04:06.646  ist=60.001s abw=0.7ms  Ping: Avg=-1ms Max=-1ms Loss=100%
2026-09-29T11:04:06.650  DOWNLOAD  START  2026-09-29T11:04:06.649
2026-09-29T11:05:11.627  DOWNLOAD  END    2026-09-29T11:05:11.626  ist=60.576s abw=3815.2ms  Mbps=n/a  Retrans=n/a  Ping: Avg=-1ms Max=-1ms Loss=100%  CPU: Avg=11.4% Max=34.2%
2026-09-29T11:05:11.630  IDLE_POST START  2026-09-29T11:05:11.630
2026-09-29T11:06:15.131  IDLE_POST END    2026-09-29T11:06:15.131  ist=51.78s abw=0.1ms  Ping: Avg=-1ms Max=-1ms Loss=100%
2026-09-29T11:06:15.134  ITERATION 3  DRIFT: 0.1 ms
2026-09-29T11:06:18.556  EREIGNISANZEIGE  0 Fehler.
2026-09-29T11:06:18.562  
2026-09-29T11:06:18.563  >>> ITERATION 4 / 10
2026-09-29T11:06:18.565  IDLE_PRE  START  2026-09-29T11:06:18.565
2026-09-29T11:07:22.436  IDLE_PRE  END    2026-09-29T11:07:22.436  ist=60s abw=0.4ms  Ping: Avg=-1ms Max=-1ms Loss=100%
2026-09-29T11:07:22.440  DOWNLOAD  START  2026-09-29T11:07:22.439
2026-09-29T11:08:27.478  DOWNLOAD  END    2026-09-29T11:08:27.478  ist=60.563s abw=4444.3ms  Mbps=n/a  Retrans=n/a  Ping: Avg=-1ms Max=-1ms Loss=100%  CPU: Avg=13% Max=49.8%
2026-09-29T11:08:27.486  IDLE_POST START  2026-09-29T11:08:27.486
2026-09-29T11:09:31.147  IDLE_POST END    2026-09-29T11:09:31.147  ist=51.073s abw=0.5ms  Ping: Avg=-1ms Max=-1ms Loss=100%
2026-09-29T11:09:31.149  ITERATION 4  DRIFT: 0.5 ms
2026-09-29T11:09:34.607  EREIGNISANZEIGE  0 Fehler.
2026-09-29T11:09:34.613  
2026-09-29T11:09:34.614  >>> ITERATION 5 / 10
2026-09-29T11:09:34.617  IDLE_PRE  START  2026-09-29T11:09:34.616
2026-09-29T11:10:38.141  IDLE_PRE  END    2026-09-29T11:10:38.141  ist=60s abw=0.1ms  Ping: Avg=-1ms Max=-1ms Loss=100%
2026-09-29T11:10:38.145  DOWNLOAD  START  2026-09-29T11:10:38.144
2026-09-29T11:11:43.137  DOWNLOAD  END    2026-09-29T11:11:43.136  ist=60.552s abw=4087.4ms  Mbps=n/a  Retrans=n/a  Ping: Avg=-1ms Max=-1ms Loss=100%  CPU: Avg=5.7% Max=22.4%
2026-09-29T11:11:43.141  IDLE_POST START  2026-09-29T11:11:43.141
2026-09-29T11:12:46.813  IDLE_POST END    2026-09-29T11:12:46.813  ist=51.468s abw=0.6ms  Ping: Avg=-1ms Max=-1ms Loss=100%
2026-09-29T11:12:46.815  ITERATION 5  DRIFT: 0.6 ms
2026-09-29T11:12:50.315  EREIGNISANZEIGE  0 Fehler.
2026-09-29T11:12:50.320  
2026-09-29T11:12:50.322  >>> ITERATION 6 / 10
2026-09-29T11:12:50.324  IDLE_PRE  START  2026-09-29T11:12:50.324
2026-09-29T11:13:54.016  IDLE_PRE  END    2026-09-29T11:13:54.016  ist=60.001s abw=0.6ms  Ping: Avg=-1ms Max=-1ms Loss=100%
2026-09-29T11:13:54.020  DOWNLOAD  START  2026-09-29T11:13:54.019
2026-09-29T11:14:59.148  DOWNLOAD  END    2026-09-29T11:14:59.147  ist=60.54s abw=4242.6ms  Mbps=n/a  Retrans=n/a  Ping: Avg=-1ms Max=-1ms Loss=100%  CPU: Avg=5.1% Max=13.1%
2026-09-29T11:14:59.152  IDLE_POST START  2026-09-29T11:14:59.152
2026-09-29T11:16:02.601  IDLE_POST END    2026-09-29T11:16:02.601  ist=51.164s abw=0.1ms  Ping: Avg=-1ms Max=-1ms Loss=100%
2026-09-29T11:16:02.603  ITERATION 6  DRIFT: 0.1 ms
2026-09-29T11:16:06.037  EREIGNISANZEIGE  0 Fehler.
2026-09-29T11:16:06.042  
2026-09-29T11:16:06.043  >>> ITERATION 7 / 10
2026-09-29T11:16:06.045  IDLE_PRE  START  2026-09-29T11:16:06.045
2026-09-29T11:17:10.102  IDLE_PRE  END    2026-09-29T11:17:10.102  ist=60s abw=0.1ms  Ping: Avg=-1ms Max=-1ms Loss=100%
2026-09-29T11:17:10.106  DOWNLOAD  START  2026-09-29T11:17:10.105
2026-09-29T11:18:15.115  DOWNLOAD  END    2026-09-29T11:18:15.114  ist=60.556s abw=4623.6ms  Mbps=n/a  Retrans=n/a  Ping: Avg=-1ms Max=-1ms Loss=100%  CPU: Avg=5.1% Max=14.3%
2026-09-29T11:18:15.118  IDLE_POST START  2026-09-29T11:18:15.118
2026-09-29T11:19:18.387  IDLE_POST END    2026-09-29T11:19:18.386  ist=50.92s abw=0.2ms  Ping: Avg=-1ms Max=-1ms Loss=100%
2026-09-29T11:19:18.389  ITERATION 7  DRIFT: 0.2 ms
2026-09-29T11:19:21.805  EREIGNISANZEIGE  0 Fehler.
2026-09-29T11:19:21.811  
2026-09-29T11:19:21.812  >>> ITERATION 8 / 10
2026-09-29T11:19:21.815  IDLE_PRE  START  2026-09-29T11:19:21.814
2026-09-29T11:20:25.271  IDLE_PRE  END    2026-09-29T11:20:25.271  ist=60s abw=0.3ms  Ping: Avg=-1ms Max=-1ms Loss=100%
2026-09-29T11:20:25.275  DOWNLOAD  START  2026-09-29T11:20:25.275
2026-09-29T11:21:30.264  DOWNLOAD  END    2026-09-29T11:21:30.264  ist=60.543s abw=4011.2ms  Mbps=n/a  Retrans=n/a  Ping: Avg=-1ms Max=-1ms Loss=100%  CPU: Avg=4.2% Max=13.9%
2026-09-29T11:21:30.268  IDLE_POST START  2026-09-29T11:21:30.268
2026-09-29T11:22:33.763  IDLE_POST END    2026-09-29T11:22:33.763  ist=51.54s abw=0.5ms  Ping: Avg=-1ms Max=-1ms Loss=100%
2026-09-29T11:22:33.766  ITERATION 8  DRIFT: 0.5 ms
2026-09-29T11:22:37.236  EREIGNISANZEIGE  0 Fehler.
2026-09-29T11:22:37.243  
2026-09-29T11:22:37.245  >>> ITERATION 9 / 10
2026-09-29T11:22:37.247  IDLE_PRE  START  2026-09-29T11:22:37.247
2026-09-29T11:23:41.304  IDLE_PRE  END    2026-09-29T11:23:41.304  ist=60s abw=0.1ms  Ping: Avg=-1ms Max=-1ms Loss=100%
2026-09-29T11:23:41.308  DOWNLOAD  START  2026-09-29T11:23:41.308
2026-09-29T11:24:46.277  DOWNLOAD  END    2026-09-29T11:24:46.276  ist=60.569s abw=4638.3ms  Mbps=n/a  Retrans=n/a  Ping: Avg=-1ms Max=-1ms Loss=100%  CPU: Avg=5.4% Max=16%
2026-09-29T11:24:46.280  IDLE_POST START  2026-09-29T11:24:46.280
2026-09-29T11:25:50.686  IDLE_POST END    2026-09-29T11:25:50.686  ist=50.96s abw=0.5ms  Ping: Avg=-1ms Max=-1ms Loss=100%
2026-09-29T11:25:50.688  ITERATION 9  DRIFT: 0.5 ms
2026-09-29T11:25:54.125  EREIGNISANZEIGE  0 Fehler.
2026-09-29T11:25:54.130  
2026-09-29T11:25:54.131  >>> ITERATION 10 / 10
2026-09-29T11:25:54.134  IDLE_PRE  START  2026-09-29T11:25:54.133
2026-09-29T11:26:57.385  IDLE_PRE  END    2026-09-29T11:26:57.384  ist=60.001s abw=0.7ms  Ping: Avg=-1ms Max=-1ms Loss=100%
2026-09-29T11:26:57.389  DOWNLOAD  START  2026-09-29T11:26:57.388
2026-09-29T11:28:02.407  DOWNLOAD  END    2026-09-29T11:28:02.407  ist=60.59s abw=3851.4ms  Mbps=n/a  Retrans=n/a  Ping: Avg=-1ms Max=-1ms Loss=100%  CPU: Avg=2.2% Max=5.3%
2026-09-29T11:28:02.411  IDLE_POST START  2026-09-29T11:28:02.411
2026-09-29T11:29:05.653  IDLE_POST END    2026-09-29T11:29:05.653  ist=51.716s abw=0.6ms  Ping: Avg=-1ms Max=-1ms Loss=100%
2026-09-29T11:29:05.655  ITERATION 10  DRIFT: 0.6 ms
2026-09-29T11:29:09.125  EREIGNISANZEIGE  0 Fehler.
2026-09-29T11:29:09.131  ====================================================================
2026-09-29T11:29:09.131  ZUSAMMENFASSUNG DOWNLOAD
2026-09-29T11:29:09.131  ====================================================================
2026-09-29T11:29:09.131    Iter 1  Mbps=n/a  Retrans=n/a  Ping=-1(max -1)ms  Loss=100%  CPU=4.2%  Drift=0ms
2026-09-29T11:29:09.146    Iter 2  Mbps=n/a  Retrans=n/a  Ping=-1(max -1)ms  Loss=100%  CPU=4.9%  Drift=0.6ms
2026-09-29T11:29:09.148    Iter 3  Mbps=n/a  Retrans=n/a  Ping=-1(max -1)ms  Loss=100%  CPU=11.4%  Drift=0.1ms
2026-09-29T11:29:09.148    Iter 4  Mbps=n/a  Retrans=n/a  Ping=-1(max -1)ms  Loss=100%  CPU=13%  Drift=0.5ms
2026-09-29T11:29:09.148    Iter 5  Mbps=n/a  Retrans=n/a  Ping=-1(max -1)ms  Loss=100%  CPU=5.7%  Drift=0.6ms
2026-09-29T11:29:09.148    Iter 6  Mbps=n/a  Retrans=n/a  Ping=-1(max -1)ms  Loss=100%  CPU=5.1%  Drift=0.1ms
2026-09-29T11:29:09.148    Iter 7  Mbps=n/a  Retrans=n/a  Ping=-1(max -1)ms  Loss=100%  CPU=5.1%  Drift=0.2ms
2026-09-29T11:29:09.148    Iter 8  Mbps=n/a  Retrans=n/a  Ping=-1(max -1)ms  Loss=100%  CPU=4.2%  Drift=0.5ms
2026-09-29T11:29:09.148    Iter 9  Mbps=n/a  Retrans=n/a  Ping=-1(max -1)ms  Loss=100%  CPU=5.4%  Drift=0.5ms
2026-09-29T11:29:09.148    Iter 10  Mbps=n/a  Retrans=n/a  Ping=-1(max -1)ms  Loss=100%  CPU=2.2%  Drift=0.6ms
