2026-09-29T11:34:17.194  ====================================================================
2026-09-29T11:34:17.198  DOWNLOAD-BENCHMARK  Label=NEU  Server=141.45.165.133  Router=141.45.1.1
2026-09-29T11:34:17.200  Load=60s  Idle=60s  Streams=8  Iter=10  ~30min
2026-09-29T11:34:17.201  ====================================================================
2026-09-29T11:34:17.317  TREIBER  Intel(R) Ethernet Connection (14) I219-LM | Version: 12.19.2.64 | Datum: 2025-05-07
2026-09-29T11:34:17.325  
2026-09-29T11:34:17.326  >>> ITERATION 1 / 10
2026-09-29T11:34:17.332  IDLE_PRE  START  2026-09-29T11:34:17.332
2026-09-29T11:35:21.258  IDLE_PRE  END    2026-09-29T11:35:21.255  ist=60.001s abw=0.9ms  Ping: Avg=-1ms Max=-1ms Loss=100%
2026-09-29T11:35:21.264  DOWNLOAD  START  2026-09-29T11:35:21.263
2026-09-29T11:36:26.390  DOWNLOAD  END    2026-09-29T11:36:26.389  ist=60.609s abw=4553.2ms  Mbps=n/a  Retrans=n/a  Ping: Avg=-1ms Max=-1ms Loss=100%  CPU: Avg=1.4% Max=5.9%
2026-09-29T11:36:26.394  IDLE_POST START  2026-09-29T11:36:26.394
2026-09-29T11:37:29.793  IDLE_POST END    2026-09-29T11:37:29.793  ist=50.926s abw=0.2ms  Ping: Avg=-1ms Max=-1ms Loss=100%
2026-09-29T11:37:29.796  ITERATION 1  DRIFT: 0.2 ms
2026-09-29T11:37:33.461  EREIGNISANZEIGE  0 Fehler.
2026-09-29T11:37:33.472  
2026-09-29T11:37:33.473  >>> ITERATION 2 / 10
2026-09-29T11:37:33.475  IDLE_PRE  START  2026-09-29T11:37:33.475
2026-09-29T11:38:37.171  IDLE_PRE  END    2026-09-29T11:38:37.170  ist=60s abw=0.5ms  Ping: Avg=-1ms Max=-1ms Loss=100%
2026-09-29T11:38:37.175  DOWNLOAD  START  2026-09-29T11:38:37.175
2026-09-29T11:39:42.272  DOWNLOAD  END    2026-09-29T11:39:42.272  ist=60.527s abw=4233.4ms  Mbps=n/a  Retrans=n/a  Ping: Avg=-1ms Max=-1ms Loss=100%  CPU: Avg=10.1% Max=30.5%
2026-09-29T11:39:42.287  IDLE_POST START  2026-09-29T11:39:42.286
2026-09-29T11:40:46.008  IDLE_POST END    2026-09-29T11:40:46.007  ist=51.181s abw=0.5ms  Ping: Avg=-1ms Max=-1ms Loss=100%
2026-09-29T11:40:46.011  ITERATION 2  DRIFT: 0.5 ms
2026-09-29T11:40:49.390  EREIGNISANZEIGE  0 Fehler.
2026-09-29T11:40:49.396  
2026-09-29T11:40:49.398  >>> ITERATION 3 / 10
2026-09-29T11:40:49.400  IDLE_PRE  START  2026-09-29T11:40:49.400
2026-09-29T11:41:53.312  IDLE_PRE  END    2026-09-29T11:41:53.312  ist=60.001s abw=0.8ms  Ping: Avg=-1ms Max=-1ms Loss=100%
2026-09-29T11:41:53.316  DOWNLOAD  START  2026-09-29T11:41:53.316
2026-09-29T11:42:58.346  DOWNLOAD  END    2026-09-29T11:42:58.346  ist=60.562s abw=4484.4ms  Mbps=n/a  Retrans=n/a  Ping: Avg=-1ms Max=-1ms Loss=100%  CPU: Avg=4.6% Max=14.6%
2026-09-29T11:42:58.350  IDLE_POST START  2026-09-29T11:42:58.350
2026-09-29T11:44:02.212  IDLE_POST END    2026-09-29T11:44:02.212  ist=51.043s abw=0.2ms  Ping: Avg=-1ms Max=-1ms Loss=100%
2026-09-29T11:44:02.215  ITERATION 3  DRIFT: 0.2 ms
2026-09-29T11:44:05.625  EREIGNISANZEIGE  0 Fehler.
2026-09-29T11:44:05.631  
2026-09-29T11:44:05.632  >>> ITERATION 4 / 10
2026-09-29T11:44:05.635  IDLE_PRE  START  2026-09-29T11:44:05.635
2026-09-29T11:45:09.072  IDLE_PRE  END    2026-09-29T11:45:09.071  ist=60.001s abw=0.7ms  Ping: Avg=-1ms Max=-1ms Loss=100%
2026-09-29T11:45:09.075  DOWNLOAD  START  2026-09-29T11:45:09.075
2026-09-29T11:46:14.171  DOWNLOAD  END    2026-09-29T11:46:14.171  ist=60.543s abw=3991.3ms  Mbps=n/a  Retrans=n/a  Ping: Avg=-1ms Max=-1ms Loss=100%  CPU: Avg=3.2% Max=10.7%
2026-09-29T11:46:14.175  IDLE_POST START  2026-09-29T11:46:14.174
2026-09-29T11:47:18.214  IDLE_POST END    2026-09-29T11:47:18.213  ist=51.453s abw=0.3ms  Ping: Avg=-1ms Max=-1ms Loss=100%
2026-09-29T11:47:18.216  ITERATION 4  DRIFT: 0.3 ms
2026-09-29T11:47:21.689  EREIGNISANZEIGE  0 Fehler.
2026-09-29T11:47:21.694  
2026-09-29T11:47:21.695  >>> ITERATION 5 / 10
2026-09-29T11:47:21.697  IDLE_PRE  START  2026-09-29T11:47:21.697
2026-09-29T11:48:25.028  IDLE_PRE  END    2026-09-29T11:48:25.028  ist=60s abw=0.1ms  Ping: Avg=-1ms Max=-1ms Loss=100%
2026-09-29T11:48:25.031  DOWNLOAD  START  2026-09-29T11:48:25.031
2026-09-29T11:49:30.194  DOWNLOAD  END    2026-09-29T11:49:30.194  ist=60.576s abw=3917.2ms  Mbps=n/a  Retrans=n/a  Ping: Avg=-1ms Max=-1ms Loss=100%  CPU: Avg=3.8% Max=11.1%
2026-09-29T11:49:30.198  IDLE_POST START  2026-09-29T11:49:30.197
2026-09-29T11:50:34.335  IDLE_POST END    2026-09-29T11:50:34.335  ist=51.494s abw=0.3ms  Ping: Avg=-1ms Max=-1ms Loss=100%
2026-09-29T11:50:34.337  ITERATION 5  DRIFT: 0.3 ms
2026-09-29T11:50:37.805  EREIGNISANZEIGE  0 Fehler.
2026-09-29T11:50:37.811  
2026-09-29T11:50:37.812  >>> ITERATION 6 / 10
2026-09-29T11:50:37.814  IDLE_PRE  START  2026-09-29T11:50:37.814
2026-09-29T11:51:41.177  IDLE_PRE  END    2026-09-29T11:51:41.177  ist=60.001s abw=0.5ms  Ping: Avg=-1ms Max=-1ms Loss=100%
2026-09-29T11:51:41.181  DOWNLOAD  START  2026-09-29T11:51:41.181
2026-09-29T11:52:46.365  DOWNLOAD  END    2026-09-29T11:52:46.365  ist=60.584s abw=3958.1ms  Mbps=n/a  Retrans=n/a  Ping: Avg=-1ms Max=-1ms Loss=100%  CPU: Avg=8.8% Max=21.7%
2026-09-29T11:52:46.369  IDLE_POST START  2026-09-29T11:52:46.369
2026-09-29T11:53:49.683  IDLE_POST END    2026-09-29T11:53:49.682  ist=51.437s abw=0.1ms  Ping: Avg=-1ms Max=-1ms Loss=100%
2026-09-29T11:53:49.685  ITERATION 6  DRIFT: 0.1 ms
2026-09-29T11:53:53.112  EREIGNISANZEIGE  0 Fehler.
2026-09-29T11:53:53.118  
2026-09-29T11:53:53.119  >>> ITERATION 7 / 10
2026-09-29T11:53:53.122  IDLE_PRE  START  2026-09-29T11:53:53.121
2026-09-29T11:54:56.730  IDLE_PRE  END    2026-09-29T11:54:56.730  ist=60.001s abw=1ms  Ping: Avg=-1ms Max=-1ms Loss=100%
2026-09-29T11:54:56.734  DOWNLOAD  START  2026-09-29T11:54:56.733
2026-09-29T11:56:01.830  DOWNLOAD  END    2026-09-29T11:56:01.830  ist=60.561s abw=4181ms  Mbps=n/a  Retrans=n/a  Ping: Avg=-1ms Max=-1ms Loss=100%  CPU: Avg=9.2% Max=19.2%
2026-09-29T11:56:01.834  IDLE_POST START  2026-09-29T11:56:01.834
2026-09-29T11:57:05.123  IDLE_POST END    2026-09-29T11:57:05.123  ist=51.281s abw=0.8ms  Ping: Avg=-1ms Max=-1ms Loss=100%
2026-09-29T11:57:05.128  ITERATION 7  DRIFT: 0.8 ms
2026-09-29T11:57:08.598  EREIGNISANZEIGE  0 Fehler.
2026-09-29T11:57:08.604  
2026-09-29T11:57:08.605  >>> ITERATION 8 / 10
2026-09-29T11:57:08.608  IDLE_PRE  START  2026-09-29T11:57:08.608
2026-09-29T11:58:12.114  IDLE_PRE  END    2026-09-29T11:58:12.113  ist=60s abw=0.2ms  Ping: Avg=-1ms Max=-1ms Loss=100%
2026-09-29T11:58:12.117  DOWNLOAD  START  2026-09-29T11:58:12.117
2026-09-29T11:59:17.229  DOWNLOAD  END    2026-09-29T11:59:17.229  ist=60.525s abw=4042.1ms  Mbps=n/a  Retrans=n/a  Ping: Avg=-1ms Max=-1ms Loss=100%  CPU: Avg=6.3% Max=27.1%
2026-09-29T11:59:17.233  IDLE_POST START  2026-09-29T11:59:17.233
2026-09-29T12:00:21.036  IDLE_POST END    2026-09-29T12:00:21.035  ist=51.368s abw=0.8ms  Ping: Avg=-1ms Max=-1ms Loss=100%
2026-09-29T12:00:21.038  ITERATION 8  DRIFT: 0.8 ms
2026-09-29T12:00:24.461  EREIGNISANZEIGE  0 Fehler.
2026-09-29T12:00:24.466  
2026-09-29T12:00:24.467  >>> ITERATION 9 / 10
2026-09-29T12:00:24.469  IDLE_PRE  START  2026-09-29T12:00:24.469
2026-09-29T12:01:28.413  IDLE_PRE  END    2026-09-29T12:01:28.413  ist=60s abw=0.1ms  Ping: Avg=-1ms Max=-1ms Loss=100%
2026-09-29T12:01:28.417  DOWNLOAD  START  2026-09-29T12:01:28.417
2026-09-29T12:02:33.508  DOWNLOAD  END    2026-09-29T12:02:33.507  ist=60.552s abw=4506.1ms  Mbps=n/a  Retrans=n/a  Ping: Avg=-1ms Max=-1ms Loss=100%  CPU: Avg=2.3% Max=9.9%
2026-09-29T12:02:33.511  IDLE_POST START  2026-09-29T12:02:33.511
2026-09-29T12:03:37.218  IDLE_POST END    2026-09-29T12:03:37.218  ist=50.951s abw=0.5ms  Ping: Avg=-1ms Max=-1ms Loss=100%
2026-09-29T12:03:37.220  ITERATION 9  DRIFT: 0.5 ms
2026-09-29T12:03:40.713  EREIGNISANZEIGE  0 Fehler.
2026-09-29T12:03:40.719  
2026-09-29T12:03:40.720  >>> ITERATION 10 / 10
2026-09-29T12:03:40.722  IDLE_PRE  START  2026-09-29T12:03:40.722
2026-09-29T12:04:44.104  IDLE_PRE  END    2026-09-29T12:04:44.104  ist=60s abw=0.5ms  Ping: Avg=-1ms Max=-1ms Loss=100%
2026-09-29T12:04:44.108  DOWNLOAD  START  2026-09-29T12:04:44.108
2026-09-29T12:05:49.215  DOWNLOAD  END    2026-09-29T12:05:49.215  ist=60.608s abw=4000.8ms  Mbps=n/a  Retrans=n/a  Ping: Avg=-1ms Max=-1ms Loss=100%  CPU: Avg=3.4% Max=12.9%
2026-09-29T12:05:49.219  IDLE_POST START  2026-09-29T12:05:49.219
2026-09-29T12:06:52.657  IDLE_POST END    2026-09-29T12:06:52.657  ist=51.497s abw=0.8ms  Ping: Avg=-1ms Max=-1ms Loss=100%
2026-09-29T12:06:52.660  ITERATION 10  DRIFT: 0.8 ms
2026-09-29T12:06:56.084  EREIGNISANZEIGE  0 Fehler.
2026-09-29T12:06:56.090  ====================================================================
2026-09-29T12:06:56.090  ZUSAMMENFASSUNG DOWNLOAD
2026-09-29T12:06:56.094  ====================================================================
2026-09-29T12:06:56.096    Iter 1  Mbps=n/a  Retrans=n/a  Ping=-1(max -1)ms  Loss=100%  CPU=1.4%  Drift=0.2ms
2026-09-29T12:06:56.105    Iter 2  Mbps=n/a  Retrans=n/a  Ping=-1(max -1)ms  Loss=100%  CPU=10.1%  Drift=0.5ms
2026-09-29T12:06:56.105    Iter 3  Mbps=n/a  Retrans=n/a  Ping=-1(max -1)ms  Loss=100%  CPU=4.6%  Drift=0.2ms
2026-09-29T12:06:56.105    Iter 4  Mbps=n/a  Retrans=n/a  Ping=-1(max -1)ms  Loss=100%  CPU=3.2%  Drift=0.3ms
2026-09-29T12:06:56.105    Iter 5  Mbps=n/a  Retrans=n/a  Ping=-1(max -1)ms  Loss=100%  CPU=3.8%  Drift=0.3ms
2026-09-29T12:06:56.105    Iter 6  Mbps=n/a  Retrans=n/a  Ping=-1(max -1)ms  Loss=100%  CPU=8.8%  Drift=0.1ms
2026-09-29T12:06:56.105    Iter 7  Mbps=n/a  Retrans=n/a  Ping=-1(max -1)ms  Loss=100%  CPU=9.2%  Drift=0.8ms
2026-09-29T12:06:56.105    Iter 8  Mbps=n/a  Retrans=n/a  Ping=-1(max -1)ms  Loss=100%  CPU=6.3%  Drift=0.8ms
2026-09-29T12:06:56.121    Iter 9  Mbps=n/a  Retrans=n/a  Ping=-1(max -1)ms  Loss=100%  CPU=2.3%  Drift=0.5ms
2026-09-29T12:06:56.121    Iter 10  Mbps=n/a  Retrans=n/a  Ping=-1(max -1)ms  Loss=100%  CPU=3.4%  Drift=0.8ms
